Microchip MPLAB XC8 Compiler V3.00

Linker command line:

-W-3 \
  --edf=C:\Program Files\Microchip\xc8\v3.00\pic\dat\20241204225717_en.msgs \
  -cn -h+dist/default/production\Pill_Dispenser.X.production.sym \
  --cmf=dist/default/production\Pill_Dispenser.X.production.cmf -z \
  -Q16F877A -oC:\Users\abusa\AppData\Local\Temp\xcAs11j8.\driver_tmp_3.o \
  --defsym=__MPLAB_BUILD=1 --fixupoverflow=error \
  -Mdist/default/production/Pill_Dispenser.X.production.map \
  --md=C:\Users\abusa\AppData\Local\Temp\xcAs11j8.\driver_tmp_0.dat -E1 \
  -ver=XC8 Compiler -ACODE=00h-07FFhx4 -ASTRCODE=00h-01FFFh \
  -ASTRING=00h-0FFhx32 -ACONST=00h-0FFhx32 -AENTRY=00h-0FFhx32 \
  -ACOMMON=070h-07Fh -ABANK0=020h-06Fh -ABANK1=0A0h-0EFh \
  -ABANK2=0110h-016Fh -ABANK3=0190h-01EFh \
  -ARAM=020h-06Fh,0A0h-0EFh,0110h-016Fh,0190h-01EFh \
  -AABS1=020h-07Fh,0A0h-0EFh,0110h-016Fh,0190h-01EFh -ASFR0=00h-01Fh \
  -ASFR1=080h-09Fh -ASFR2=0100h-010Fh -ASFR3=0180h-018Fh \
  -ACONFIG=02007h-02007h -DCONFIG=2 -AIDLOC=02000h-02003h -DIDLOC=2 \
  -AEEDATA=00h-0FFh/02100h -peeprom_data=EEDATA -DEEDATA=2 -DCODE=2 \
  -DSTRCODE=2 -DSTRING=2 -DCONST=2 -DENTRY=2 \
  -preset_vec=00h,intentry=04h,sivt,init,end_init -ppowerup=CODE \
  -pcinit=CODE -pfunctab=ENTRY -k \
  C:\Users\abusa\AppData\Local\Temp\xcAs11j8.\driver_tmp_12.o \
  dist/default/production\Pill_Dispenser.X.production.o 

Object code version is 3.11

Machine type is 16F877A



                Name                               Link     Load   Length Selector   Space Scale
C:\Users\abusa\AppData\Local\Temp\xcAs11j8.\driver_tmp_12.o
                end_init                              E        E        3        8       0
                reset_vec                             0        0        3        0       0
                config                             2007     2007        1        0       4
dist/default/production\Pill_Dispenser.X.production.o
                cinit                                11       11        D        8       0
                intentry                              4        4        A        8       0
                config                             2007     2007        1        0       4
                text36                              C6E      C6E        E     18DC       0
                text35                              F19      F19       66     1E32       0
                text34                              DE9      DE9       46     1BD2       0
                text33                              E77      E77       4D     1CEE       0
                text32                              C32      C32        C     1864       0
                text31                              C7C      C7C       12     18F8       0
                text30                              C8E      C8E       16     191C       0
                text29                              CBE      CBE       1D     197C       0
                text28                              EC4      EC4       55     1D88       0
                text27                              654      654       99        8       0
                text26                              CFC      CFC       25     19F8       0
                text25                              785      785       6F        8       0
                text24                              C3E      C3E        C     187C       0
                text23                              C4A      C4A        C     1894       0
                text22                              512      512       A9        8       0
                text21                              D48      D48       2D     1A90       0
                text20                              C11      C11        5     1822       0
                text19                              C1B      C1B        6     1836       0
                text18                              C16      C16        5     182C       0
                text17                              C56      C56        C     18AC       0
                text16                               1E       1E      285        8       0
                text15                              6ED      6ED       98        8       0
                text14                              45C      45C       B6        8       0
                text13                              CA4      CA4       1A     1948       0
                text12                              399      399       C3        8       0
                text11                              C21      C21        6     1842       0
                text10                              DA5      DA5       44     1B4A       0
                text9                               D75      D75       30     1AEA       0
                text8                               5BB      5BB       99        8       0
                text7                               E2F      E2F       48     1C5E       0
                text6                               D21      D21       27     1A42       0
                text5                               F7F      F7F       81     1EFE       0
                text4                               C62      C62        C     18C4       0
                text3                               CDB      CDB       21     19B6       0
                text2                               C27      C27        B     184E       0
                text1                               7F4      7F4        C        8       0
                maintext                            2A3      2A3       F6        8       0
                cstackBANK0                          20       20       37       20       1
                cstackCOMMON                         70       70        E       70       1
                cstackBANK1                          A0       A0       1B       A0       1
                bssBANK1                             BB       BB        3       A0       1
                bssBANK0                             57       57        2       20       1

TOTAL           Name                               Link     Load   Length     Space
        CLASS   CODE           
                end_init                              E        E        3         0
                cinit                                11       11        D         0
                intentry                              4        4        A         0
                reset_vec                             0        0        3         0
                text36                              C6E      C6E        E         0
                text35                              F19      F19       66         0
                text34                              DE9      DE9       46         0
                text33                              E77      E77       4D         0
                text32                              C32      C32        C         0
                text31                              C7C      C7C       12         0
                text30                              C8E      C8E       16         0
                text29                              CBE      CBE       1D         0
                text28                              EC4      EC4       55         0
                text27                              654      654       99         0
                text26                              CFC      CFC       25         0
                text25                              785      785       6F         0
                text24                              C3E      C3E        C         0
                text23                              C4A      C4A        C         0
                text22                              512      512       A9         0
                text21                              D48      D48       2D         0
                text20                              C11      C11        5         0
                text19                              C1B      C1B        6         0
                text18                              C16      C16        5         0
                text17                              C56      C56        C         0
                text16                               1E       1E      285         0
                text15                              6ED      6ED       98         0
                text14                              45C      45C       B6         0
                text13                              CA4      CA4       1A         0
                text12                              399      399       C3         0
                text11                              C21      C21        6         0
                text10                              DA5      DA5       44         0
                text9                               D75      D75       30         0
                text8                               5BB      5BB       99         0
                text7                               E2F      E2F       48         0
                text6                               D21      D21       27         0
                text5                               F7F      F7F       81         0
                text4                               C62      C62        C         0
                text3                               CDB      CDB       21         0
                text2                               C27      C27        B         0
                text1                               7F4      7F4        C         0
                maintext                            2A3      2A3       F6         0

        CLASS   STRCODE        

        CLASS   STRING         

        CLASS   CONST          

        CLASS   ENTRY          

        CLASS   COMMON         
                cstackCOMMON                         70       70        E         1

        CLASS   BANK0          
                cstackBANK0                          20       20       37         1
                bssBANK0                             57       57        2         1

        CLASS   BANK1          
                cstackBANK1                          A0       A0       1B         1
                bssBANK1                             BB       BB        3         1

        CLASS   BANK2          

        CLASS   BANK3          

        CLASS   RAM            

        CLASS   ABS1           
                abs_s1                               7E       7E        2         1

        CLASS   SFR0           

        CLASS   SFR1           

        CLASS   SFR2           

        CLASS   SFR3           

        CLASS   CONFIG         
                config                             2007     2007        1         4

        CLASS   IDLOC          

        CLASS   EEDATA         

        CLASS   HEAP           

        CLASS   STACK          



SEGMENTS        Name                           Load    Length   Top    Selector   Space  Class     Delta

                reset_vec                      000000  000003  000003         0       0  CODE        2
                intentry                       000004  0007FC  000800         8       0  CODE        2
                cstackBANK0                    000020  000039  000059        20       1  BANK0       1
                cstackCOMMON                   000070  00000E  00007E        70       1  COMMON      1
                cstackBANK1                    0000A0  00001E  0000BE        A0       1  BANK1       1
                text20                         000C11  000005  000C16      1822       0  CODE        2
                text18                         000C16  000005  000C1B      182C       0  CODE        2
                text19                         000C1B  000006  000C21      1836       0  CODE        2
                text11                         000C21  000006  000C27      1842       0  CODE        2
                text2                          000C27  00000B  000C32      184E       0  CODE        2
                text32                         000C32  00000C  000C3E      1864       0  CODE        2
                text24                         000C3E  00000C  000C4A      187C       0  CODE        2
                text23                         000C4A  00000C  000C56      1894       0  CODE        2
                text17                         000C56  00000C  000C62      18AC       0  CODE        2
                text4                          000C62  00000C  000C6E      18C4       0  CODE        2
                text36                         000C6E  00000E  000C7C      18DC       0  CODE        2
                text31                         000C7C  000012  000C8E      18F8       0  CODE        2
                text30                         000C8E  000016  000CA4      191C       0  CODE        2
                text13                         000CA4  00001A  000CBE      1948       0  CODE        2
                text29                         000CBE  00001D  000CDB      197C       0  CODE        2
                text3                          000CDB  000021  000CFC      19B6       0  CODE        2
                text26                         000CFC  000025  000D21      19F8       0  CODE        2
                text6                          000D21  000027  000D48      1A42       0  CODE        2
                text21                         000D48  00002D  000D75      1A90       0  CODE        2
                text9                          000D75  000030  000DA5      1AEA       0  CODE        2
                text10                         000DA5  000044  000DE9      1B4A       0  CODE        2
                text34                         000DE9  000046  000E2F      1BD2       0  CODE        2
                text7                          000E2F  000048  000E77      1C5E       0  CODE        2
                text33                         000E77  00004D  000EC4      1CEE       0  CODE        2
                text28                         000EC4  000055  000F19      1D88       0  CODE        2
                text35                         000F19  000066  000F7F      1E32       0  CODE        2
                text5                          000F7F  000081  001000      1EFE       0  CODE        2


UNUSED ADDRESS RANGES

        Name                Unused          Largest block    Delta
        BANK0            0059-006F             17           1
        BANK1            00BE-00EF             32           1
        BANK2            0110-016F             60           1
        BANK3            0190-01EF             60           1
        CODE             0003-0003              1           2
                         0800-0C10            411
                         1000-1FFF            800
        CONST            0003-0003              1           2
                         0800-0C10            100
                         1000-1FFF            100
        EEDATA           2100-21FF            100           2
        ENTRY            0003-0003              1           2
                         0800-0C10            100
                         1000-1FFF            100
        IDLOC            2000-2003              4           2
        RAM              0059-006F             17           1
                         00BE-00EF             32
                         0110-016F             60
                         0190-01EF             60
        SFR0             0000-001F             20           1
        SFR1             0080-009F             20           1
        SFR2             0100-010F             10           1
        SFR3             0180-018F             10           1
        STRCODE          0003-0003              1           2
                         0800-0C10            411
                         1000-1FFF           1000
        STRING           0003-0003              1           2
                         0800-0C10            100
                         1000-1FFF            100

                                  Symbol Table

?_Read_Ultrasonic           cstackBANK1  00B3
?___aldiv                   cstackBANK0  0044
?___fldiv                   cstackBANK0  0045
?___fltol                   cstackBANK0  0052
?___lldiv                   cstackBANK0  0020
?___lmul                    cstackBANK0  0037
?___lwdiv                   cstackBANK0  0037
?___wmul                    cstackBANK0  0037
?___xxtofl                  cstackBANK0  0037
?_adc                       cstackBANK0  003E
?i1___aldiv                 cstackBANK0  0020
?i1___lmul                  cstackCOMMON 0070
?i1___wmul                  cstackCOMMON 0070
H_Bridge_PWM@duty           cstackBANK0  0031
H_Bridge_PWM@duty_percent   cstackBANK0  002D
Read_Ultrasonic@time        cstackBANK1  00B5
Read_Ultrasonic@timeout     cstackBANK1  00B7
Set_PWM_Duty@duty           cstackBANK1  00A0
Set_PWM_Duty@duty_us        cstackBANK0  0053
_ADCON0                     (abs)        001F
_ADCON1                     (abs)        009F
_ADRESH                     (abs)        001E
_ADRESL                     (abs)        009E
_CCP1CON                    (abs)        0017
_CCP2CON                    (abs)        001D
_CCPR1L                     (abs)        0015
_CCPR2L                     (abs)        001B
_Fan_off                    text20       0C11
_Fan_on                     text19       0C1B
_H_Bridge_PWM               text33       0E77
_INTCON                     (abs)        000B
_Initialize_Hbridge         text18       0C16
_OPTION_REG                 (abs)        0081
_PORTB                      (abs)        0006
_PORTC                      (abs)        0007
_PORTD                      (abs)        0008
_PR2                        (abs)        0092
_PWM_Init_H                 text36       0C6E
_PWM_Init_S                 text17       0C56
_Pump_off                   text31       0C7C
_Pump_on                    text28       0EC4
_Read_Ultrasonic            text12       0399
_Set_PWM_Duty               text5        0F7F
_T2CON                      (abs)        0012
_TMR0                       (abs)        0001
_TMR2                       (abs)        0011
_TRISB                      (abs)        0086
_TRISC                      (abs)        0087
_TRISD                      (abs)        0088
_Ultrasonic_Init            text11       0C21
__H__absolute__             __absolute__ 0000
__Habs1                     abs1         0000
__Hbank0                    bank0        0000
__Hbank1                    bank1        0000
__Hbank2                    bank2        0000
__Hbank3                    bank3        0000
__HbssBANK0                 bssBANK0     0000
__HbssBANK1                 bssBANK1     0000
__Hcinit                    cinit        001E
__Hclrtext                  clrtext      0000
__Hcode                     code         0000
__Hcommon                   common       0000
__Hconfig                   config       2008
__HcstackBANK0              cstackBANK0  0000
__HcstackBANK1              cstackBANK1  0000
__HcstackCOMMON             cstackCOMMON 0000
__Heeprom_data              eeprom_data  0000
__Hend_init                 end_init     0011
__Hfunctab                  functab      0000
__Hheap                     heap         0000
__Hinit                     init         000E
__Hintentry                 intentry     000E
__Hmaintext                 maintext     0000
__Hpowerup                  powerup      0000
__Hram                      ram          0000
__Hreset_vec                reset_vec    0003
__Hsfr0                     sfr0         0000
__Hsfr1                     sfr1         0000
__Hsfr2                     sfr2         0000
__Hsfr3                     sfr3         0000
__Hsivt                     sivt         000E
__Hspace_0                  (abs)        1000
__Hspace_1                  (abs)        00BE
__Hspace_2                  (abs)        0000
__Hspace_3                  (abs)        0000
__Hspace_4                  (abs)        400F
__Hstack                    stack        0000
__Hstrings                  strings      0000
__Htext                     text         0000
__L__absolute__             __absolute__ 0000
__Labs1                     abs1         0000
__Lbank0                    bank0        0000
__Lbank1                    bank1        0000
__Lbank2                    bank2        0000
__Lbank3                    bank3        0000
__LbssBANK0                 bssBANK0     0000
__LbssBANK1                 bssBANK1     0000
__Lcinit                    cinit        0011
__Lclrtext                  clrtext      0000
__Lcode                     code         0000
__Lcommon                   common       0000
__Lconfig                   config       0000
__LcstackBANK0              cstackBANK0  0000
__LcstackBANK1              cstackBANK1  0000
__LcstackCOMMON             cstackCOMMON 0000
__Leeprom_data              eeprom_data  0000
__Lend_init                 end_init     000E
__Lfunctab                  functab      0000
__Lheap                     heap         0000
__Linit                     init         000E
__Lintentry                 intentry     0004
__Lmaintext                 maintext     0000
__Lpowerup                  powerup      0000
__Lram                      ram          0000
__Lreset_vec                reset_vec    0000
__Lsfr0                     sfr0         0000
__Lsfr1                     sfr1         0000
__Lsfr2                     sfr2         0000
__Lsfr3                     sfr3         0000
__Lsivt                     sivt         000E
__Lspace_0                  (abs)        0000
__Lspace_1                  (abs)        0000
__Lspace_2                  (abs)        0000
__Lspace_3                  (abs)        0000
__Lspace_4                  (abs)        0000
__Lstack                    stack        0000
__Lstrings                  strings      0000
__Ltext                     text         0000
__S0                        (abs)        1000
__S1                        (abs)        00BE
__S3                        (abs)        0000
___aldiv                    text8        05BB
___aldiv@counter            cstackBANK0  004D
___aldiv@dividend           cstackBANK0  0048
___aldiv@divisor            cstackBANK0  0044
___aldiv@quotient           cstackBANK0  004F
___aldiv@sign               cstackBANK0  004E
___fldiv                    text16       001E
___fldiv@a                  cstackBANK0  0045
___fldiv@aexp               cstackBANK1  00AC
___fldiv@b                  cstackBANK0  0049
___fldiv@bexp               cstackBANK1  00AB
___fldiv@grs                cstackBANK1  00A7
___fldiv@new_exp            cstackBANK1  00A5
___fldiv@rem                cstackBANK1  00A0
___fldiv@sign               cstackBANK1  00A4
___fltol                    text15       06ED
___fltol@exp1               cstackBANK1  00B2
___fltol@f1                 cstackBANK0  0052
___fltol@sign1              cstackBANK1  00B1
___heap_hi                  (abs)        0000
___heap_lo                  (abs)        0000
___int_sp                   stack        0000
___int_stack_hi             stack        0000
___int_stack_lo             stack        0000
___latbits                  (abs)        0002
___lldiv                    text35       0F19
___lldiv@counter            cstackBANK0  002C
___lldiv@dividend           cstackBANK0  0024
___lldiv@divisor            cstackBANK0  0020
___lldiv@quotient           cstackBANK0  0028
___lmul                     text7        0E2F
___lmul@multiplicand        cstackBANK0  003B
___lmul@multiplier          cstackBANK0  0037
___lmul@product             cstackBANK0  0040
___lwdiv                    text10       0DA5
___lwdiv@counter            cstackBANK0  003D
___lwdiv@dividend           cstackBANK0  0039
___lwdiv@divisor            cstackBANK0  0037
___lwdiv@quotient           cstackBANK0  003B
___sp                       stack        0000
___stack_hi                 stack        0000
___stack_lo                 stack        0000
___stackhi                  (abs)        0000
___stacklo                  (abs)        0000
___wmul                     text6        0D21
___wmul@multiplicand        cstackBANK0  0039
___wmul@multiplier          cstackBANK0  0037
___wmul@product             cstackBANK0  003B
___xxtofl                   text14       045C
___xxtofl@arg               cstackBANK0  0041
___xxtofl@exp               cstackBANK0  0040
___xxtofl@sign              cstackBANK0  003F
___xxtofl@val               cstackBANK0  0037
__end_of_Fan_off            text20       0C16
__end_of_Fan_on             text19       0C21
__end_of_H_Bridge_PWM       text33       0EC4
__end_of_Initialize_Hbridge text18       0C1B
__end_of_PWM_Init_H         text36       0C7C
__end_of_PWM_Init_S         text17       0C62
__end_of_Pump_off           text31       0C8E
__end_of_Pump_on            text28       0F19
__end_of_Read_Ultrasonic    text12       045C
__end_of_Set_PWM_Duty       text5        1000
__end_of_Ultrasonic_Init    text11       0C27
__end_of___aldiv            text8        0654
__end_of___fldiv            text16       02A3
__end_of___fltol            text15       0785
__end_of___lldiv            text35       0F7F
__end_of___lmul             text7        0E77
__end_of___lwdiv            text10       0DE9
__end_of___wmul             text6        0D48
__end_of___xxtofl           text14       0512
__end_of__initialization    cinit        001A
__end_of_adc                text9        0DA5
__end_of_closeDoor          text4        0C6E
__end_of_delay_ms           text3        0CFC
__end_of_delay_us           text13       0CBE
__end_of_init_interrupt     text2        0C32
__end_of_isr                text22       05BB
__end_of_main               maintext     0399
__end_of_myISR              text21       0D75
__end_of_openDoor           text1        0800
__end_ofi1_PWM_Init_S       text32       0C3E
__end_ofi1_Set_PWM_Duty     text25       07F4
__end_ofi1___aldiv          text27       06ED
__end_ofi1___lmul           text34       0E2F
__end_ofi1___wmul           text26       0D21
__end_ofi1_closeDoor        text24       0C4A
__end_ofi1_delay_ms         text29       0CDB
__end_ofi1_delay_us         text30       0CA4
__end_ofi1_openDoor         text23       0C56
__initialization            cinit        0011
__pbssBANK0                 bssBANK0     0057
__pbssBANK1                 bssBANK1     00BB
__pcstackBANK0              cstackBANK0  0020
__pcstackBANK1              cstackBANK1  00A0
__pcstackCOMMON             cstackCOMMON 0070
__pintentry                 intentry     0004
__pmaintext                 maintext     02A3
__ptext1                    text1        07F4
__ptext10                   text10       0DA5
__ptext11                   text11       0C21
__ptext12                   text12       0399
__ptext13                   text13       0CA4
__ptext14                   text14       045C
__ptext15                   text15       06ED
__ptext16                   text16       001E
__ptext17                   text17       0C56
__ptext18                   text18       0C16
__ptext19                   text19       0C1B
__ptext2                    text2        0C27
__ptext20                   text20       0C11
__ptext21                   text21       0D48
__ptext22                   text22       0512
__ptext23                   text23       0C4A
__ptext24                   text24       0C3E
__ptext25                   text25       0785
__ptext26                   text26       0CFC
__ptext27                   text27       0654
__ptext28                   text28       0EC4
__ptext29                   text29       0CBE
__ptext3                    text3        0CDB
__ptext30                   text30       0C8E
__ptext31                   text31       0C7C
__ptext32                   text32       0C32
__ptext33                   text33       0E77
__ptext34                   text34       0DE9
__ptext35                   text35       0F19
__ptext36                   text36       0C6E
__ptext4                    text4        0C62
__ptext5                    text5        0F7F
__ptext6                    text6        0D21
__ptext7                    text7        0E2F
__ptext8                    text8        05BB
__ptext9                    text9        0D75
_adc                        text9        0D75
_closeDoor                  text4        0C62
_cntr                       bssBANK0     0057
_delay_ms                   text3        0CDB
_delay_us                   text13       0CA4
_init_interrupt             text2        0C27
_isr                        text22       0512
_main                       maintext     02A3
_myISR                      text21       0D48
_openDoor                   text1        07F4
_tmp                        bssBANK1     00BB
_water_flag                 bssBANK1     00BD
adc@adcval                  cstackBANK0  0040
btemp                       (abs)        007E
delay_ms@i                  cstackBANK0  003D
delay_ms@x                  cstackBANK0  003B
delay_us@i                  cstackBANK0  0039
delay_us@x                  cstackBANK0  0037
end_of_initialization       cinit        001A
i1Set_PWM_Duty@duty         cstackBANK0  0032
i1Set_PWM_Duty@duty_us      cstackBANK0  002E
i1_PWM_Init_S               text32       0C32
i1_Set_PWM_Duty             text25       0785
i1___aldiv                  text27       0654
i1___aldiv@counter          cstackBANK0  0028
i1___aldiv@dividend         cstackBANK0  0024
i1___aldiv@divisor          cstackBANK0  0020
i1___aldiv@quotient         cstackBANK0  002A
i1___aldiv@sign             cstackBANK0  0029
i1___lmul                   text34       0DE9
i1___lmul@multiplicand      cstackCOMMON 0074
i1___lmul@multiplier        cstackCOMMON 0070
i1___lmul@product           cstackCOMMON 0079
i1___wmul                   text26       0CFC
i1___wmul@multiplicand      cstackCOMMON 0072
i1___wmul@multiplier        cstackCOMMON 0070
i1___wmul@product           cstackCOMMON 0074
i1_closeDoor                text24       0C3E
i1_delay_ms                 text29       0CBE
i1_delay_us                 text30       0C8E
i1_openDoor                 text23       0C4A
i1delay_ms@i                cstackCOMMON 0076
i1delay_ms@x                cstackCOMMON 0074
i1delay_us@i                cstackCOMMON 0072
i1delay_us@x                cstackCOMMON 0070
interrupt_function          intentry     0004
intlevel0                   functab      0000
intlevel1                   functab      0000
intlevel2                   functab      0000
intlevel3                   functab      0000
intlevel4                   functab      0000
intlevel5                   functab      0000
isr@pill_taken              cstackBANK0  0034
main@lev                    cstackBANK1  00B9
reset_vec                   reset_vec    0000
saved_w                     (abs)        007E
start                       init         000E
start_initialization        cinit        0011
wtemp0                      (abs)        007E


MODULE INFORMATION

Module		Function		Class		Link	Load	Size
C:\Program Files\Microchip\xc8\v3.00\pic\sources\c99\common\Umul16.c
		___wmul        		CODE           	0D21	0000	39

C:\Program Files\Microchip\xc8\v3.00\pic\sources\c99\common\Umul16.c estimated size: 39

C:\Program Files\Microchip\xc8\v3.00\pic\sources\c99\common\Umul32.c
		___lmul        		CODE           	0E2F	0000	72

C:\Program Files\Microchip\xc8\v3.00\pic\sources\c99\common\Umul32.c estimated size: 72

C:\Program Files\Microchip\xc8\v3.00\pic\sources\c99\common\__lldiv.c
		___lldiv       		CODE           	0F19	0000	102

C:\Program Files\Microchip\xc8\v3.00\pic\sources\c99\common\__lldiv.c estimated size: 102

C:\Program Files\Microchip\xc8\v3.00\pic\sources\c99\common\sprcdiv.c
		___fldiv       		CODE           	001E	0000	645

C:\Program Files\Microchip\xc8\v3.00\pic\sources\c99\common\sprcdiv.c estimated size: 645

shared
		i1_openDoor    		CODE           	0C4A	0000	12
		i1___wmul      		CODE           	0CFC	0000	37
		i1_closeDoor   		CODE           	0C3E	0000	12
		__initialization		CODE           	0011	0000	9
		i1___lmul      		CODE           	0DE9	0000	70
		i1___aldiv     		CODE           	0654	0000	153
		i1_PWM_Init_S  		CODE           	0C32	0000	12
		i1_delay_ms    		CODE           	0CBE	0000	29
		i1_delay_us    		CODE           	0C8E	0000	22
		i1_Set_PWM_Duty		CODE           	0785	0000	111

shared estimated size: 467

C:\Program Files\Microchip\xc8\v3.00\pic\sources\c99\common\xxtofl.c
		___xxtofl      		CODE           	045C	0000	182

C:\Program Files\Microchip\xc8\v3.00\pic\sources\c99\common\xxtofl.c estimated size: 182

C:\Program Files\Microchip\xc8\v3.00\pic\sources\c99\common\lwdiv.c
		___lwdiv       		CODE           	0DA5	0000	68

C:\Program Files\Microchip\xc8\v3.00\pic\sources\c99\common\lwdiv.c estimated size: 68

C:\Program Files\Microchip\xc8\v3.00\pic\sources\c99\common\fltol.c
		___fltol       		CODE           	06ED	0000	152

C:\Program Files\Microchip\xc8\v3.00\pic\sources\c99\common\fltol.c estimated size: 152

main.c
		_Set_PWM_Duty  		CODE           	0F7F	0000	129
		_Fan_off       		CODE           	0C11	0000	5
		_myISR         		CODE           	0D48	0000	45
		_closeDoor     		CODE           	0C62	0000	12
		_Ultrasonic_Init		CODE           	0C21	0000	6
		_delay_us      		CODE           	0CA4	0000	26
		_main          		CODE           	02A3	0000	246
		_Read_Ultrasonic		CODE           	0399	0000	195
		_Pump_off      		CODE           	0C7C	0000	18
		_init_interrupt		CODE           	0C27	0000	11
		_adc           		CODE           	0D75	0000	48
		_isr           		CODE           	0512	0000	169
		_openDoor      		CODE           	07F4	0000	12
		_Fan_on        		CODE           	0C1B	0000	6
		_delay_ms      		CODE           	0CDB	0000	33
		_Initialize_Hbridge		CODE           	0C16	0000	5
		_H_Bridge_PWM  		CODE           	0E77	0000	77
		_PWM_Init_H    		CODE           	0C6E	0000	14
		_PWM_Init_S    		CODE           	0C56	0000	12
		_Pump_on       		CODE           	0EC4	0000	85

main.c estimated size: 1154

C:\Program Files\Microchip\xc8\v3.00\pic\sources\c99\common\aldiv.c
		___aldiv       		CODE           	05BB	0000	153

C:\Program Files\Microchip\xc8\v3.00\pic\sources\c99\common\aldiv.c estimated size: 153

